[2026-07-07 17:20:33] Log started: C:\Users\19169\Documents\force versiob\dist\logs\run_20260707_172033.log
[2026-07-07 17:20:39] No running Roblox processes were detected.
[2026-07-07 17:20:39] Using newest local folder: version-90f2fddd3b244ff6
[2026-07-07 17:20:39] Fetching manifest: https://setup-aws.rbxcdn.com/version-90f2fddd3b244ff6-rbxPkgManifest.txt
[2026-07-07 17:20:39] Manifest loaded successfully: text/plain
[2026-07-07 17:20:39] Manifest contains 21 package(s).
[2026-07-07 17:20:39] Using cached package: RobloxApp.zip
[2026-07-07 17:20:40] Using cached package: content-avatar.zip
[2026-07-07 17:20:40] Using cached package: content-configs.zip
[2026-07-07 17:20:40] Using cached package: content-fonts.zip
[2026-07-07 17:20:40] Using cached package: content-models.zip
[2026-07-07 17:20:40] Using cached package: content-sky.zip
[2026-07-07 17:20:40] Using cached package: content-sounds.zip
[2026-07-07 17:20:40] Using cached package: shaders.zip
[2026-07-07 17:20:40] Using cached package: ssl.zip
[2026-07-07 17:20:40] Using cached package: content-textures2.zip
[2026-07-07 17:20:43] Using cached package: content-textures3.zip
[2026-07-07 17:20:43] Using cached package: content-terrain.zip
[2026-07-07 17:20:43] Using cached package: content-platform-fonts.zip
[2026-07-07 17:20:44] Using cached package: content-platform-dictionaries.zip
[2026-07-07 17:20:44] Using cached package: extracontent-places.zip
[2026-07-07 17:20:44] Using cached package: extracontent-luapackages.zip
[2026-07-07 17:20:44] Using cached package: extracontent-translations.zip
[2026-07-07 17:20:44] Using cached package: extracontent-models.zip
[2026-07-07 17:20:44] Using cached package: extracontent-textures.zip
[2026-07-07 17:20:44] Using cached package: WebView2.zip
[2026-07-07 17:20:44] Using cached package: WebView2RuntimeInstaller.zip
[2026-07-07 17:20:44] Copying files into the active Roblox folder...
[2026-07-07 17:20:53] Removed old version folder: version-8884371d30284041
[2026-07-07 17:20:54] Applied version-90f2fddd3b244ff6; shortcut updated.
[2026-07-07 17:21:08] Roblox processes detected. Closing them now...
[2026-07-07 17:21:08] Closed RobloxCrashHandler.exe.
[2026-07-07 17:21:08] Closed RobloxPlayerBeta.exe.
[2026-07-07 17:21:08] Roblox was closed automatically before updating.
[2026-07-07 17:21:08] Using newest local folder: version-90f2fddd3b244ff6
[2026-07-07 17:21:08] Fetching manifest: https://setup-aws.rbxcdn.com/version-fd4e9c9310794040-rbxPkgManifest.txt
[2026-07-07 17:21:09] Manifest loaded successfully: text/plain
[2026-07-07 17:21:09] Manifest contains 21 package(s).
[2026-07-07 17:21:09] Downloading package 1/21: RobloxApp.zip
[2026-07-07 17:21:10] Response type: application/zip
[2026-07-07 17:21:14] Saved RobloxApp.zip (131973418 bytes)
[2026-07-07 17:21:14] Downloading package 2/21: content-avatar.zip
[2026-07-07 17:21:15] Response type: application/zip
[2026-07-07 17:21:15] Saved content-avatar.zip (309309 bytes)
[2026-07-07 17:21:15] Downloading package 3/21: content-configs.zip
[2026-07-07 17:21:16] Response type: application/zip
[2026-07-07 17:21:16] Saved content-configs.zip (327605 bytes)
[2026-07-07 17:21:16] Downloading package 4/21: content-fonts.zip
[2026-07-07 17:21:17] Response type: application/zip
[2026-07-07 17:21:18] Saved content-fonts.zip (5944830 bytes)
[2026-07-07 17:21:18] Downloading package 5/21: content-models.zip
[2026-07-07 17:21:18] Response type: application/zip
[2026-07-07 17:21:19] Saved content-models.zip (612430 bytes)
[2026-07-07 17:21:19] Downloading package 6/21: content-sky.zip
[2026-07-07 17:21:19] Response type: application/zip
[2026-07-07 17:21:20] Saved content-sky.zip (2448711 bytes)
[2026-07-07 17:21:20] Downloading package 7/21: content-sounds.zip
[2026-07-07 17:21:21] Response type: application/zip
[2026-07-07 17:21:21] Saved content-sounds.zip (470471 bytes)
[2026-07-07 17:21:21] Downloading package 8/21: shaders.zip
[2026-07-07 17:21:22] Response type: application/zip
[2026-07-07 17:21:22] Saved shaders.zip (10493714 bytes)
[2026-07-07 17:21:22] Downloading package 9/21: ssl.zip
[2026-07-07 17:21:23] Response type: application/zip
[2026-07-07 17:21:23] Saved ssl.zip (130569 bytes)
[2026-07-07 17:21:23] Downloading package 10/21: content-textures2.zip
[2026-07-07 17:21:24] Response type: application/zip
[2026-07-07 17:21:24] Saved content-textures2.zip (5138856 bytes)
[2026-07-07 17:21:26] Downloading package 11/21: content-textures3.zip
[2026-07-07 17:21:26] Response type: application/zip
[2026-07-07 17:21:27] Saved content-textures3.zip (3716441 bytes)
[2026-07-07 17:21:27] Downloading package 12/21: content-terrain.zip
[2026-07-07 17:21:27] Response type: application/zip
[2026-07-07 17:21:27] Saved content-terrain.zip (3227 bytes)
[2026-07-07 17:21:27] Downloading package 13/21: content-platform-fonts.zip
[2026-07-07 17:21:28] Response type: application/zip
[2026-07-07 17:21:29] Saved content-platform-fonts.zip (13686751 bytes)
[2026-07-07 17:21:29] Downloading package 14/21: content-platform-dictionaries.zip
[2026-07-07 17:21:29] Response type: application/zip
[2026-07-07 17:21:30] Saved content-platform-dictionaries.zip (362212 bytes)
[2026-07-07 17:21:30] Downloading package 15/21: extracontent-places.zip
[2026-07-07 17:21:31] Response type: application/zip
[2026-07-07 17:21:31] Saved extracontent-places.zip (798740 bytes)
[2026-07-07 17:21:31] Downloading package 16/21: extracontent-luapackages.zip
[2026-07-07 17:21:32] Response type: application/zip
[2026-07-07 17:21:32] Saved extracontent-luapackages.zip (2566291 bytes)
[2026-07-07 17:21:32] Downloading package 17/21: extracontent-translations.zip
[2026-07-07 17:21:33] Response type: application/zip
[2026-07-07 17:21:33] Saved extracontent-translations.zip (610593 bytes)
[2026-07-07 17:21:33] Downloading package 18/21: extracontent-models.zip
[2026-07-07 17:21:34] Response type: application/zip
[2026-07-07 17:21:35] Saved extracontent-models.zip (21113267 bytes)
[2026-07-07 17:21:35] Downloading package 19/21: extracontent-textures.zip
[2026-07-07 17:21:36] Response type: application/zip
[2026-07-07 17:21:36] Saved extracontent-textures.zip (7118818 bytes)
[2026-07-07 17:21:37] Downloading package 20/21: WebView2.zip
[2026-07-07 17:21:37] Response type: application/zip
[2026-07-07 17:21:37] Saved WebView2.zip (83405 bytes)
[2026-07-07 17:21:37] Downloading package 21/21: WebView2RuntimeInstaller.zip
[2026-07-07 17:21:38] Response type: application/zip
[2026-07-07 17:21:38] Saved WebView2RuntimeInstaller.zip (1532149 bytes)
[2026-07-07 17:21:38] Copying files into the active Roblox folder...
[2026-07-07 17:21:42] No old version folders needed cleanup.
[2026-07-07 17:21:42] Applied version-fd4e9c9310794040; shortcut updated.
[2026-07-07 17:22:20] Roblox processes detected. Closing them now...
[2026-07-07 17:22:20] Closed RobloxCrashHandler.exe.
[2026-07-07 17:22:20] Closed RobloxPlayerBeta.exe.
[2026-07-07 17:22:22] Roblox was closed automatically before updating.
[2026-07-07 17:22:22] Using newest local folder: version-90f2fddd3b244ff6
[2026-07-07 17:22:22] Fetching manifest: https://setup-aws.rbxcdn.com/version-fd4e9c9310794040-rbxPkgManifest.txt
[2026-07-07 17:22:22] Manifest loaded successfully: text/plain
[2026-07-07 17:22:22] Manifest contains 21 package(s).
[2026-07-07 17:22:22] Using cached package: RobloxApp.zip
[2026-07-07 17:22:23] Using cached package: content-avatar.zip
[2026-07-07 17:22:23] Using cached package: content-configs.zip
[2026-07-07 17:22:23] Using cached package: content-fonts.zip
[2026-07-07 17:22:23] Using cached package: content-models.zip
[2026-07-07 17:22:23] Using cached package: content-sky.zip
[2026-07-07 17:22:23] Using cached package: content-sounds.zip
[2026-07-07 17:22:23] Using cached package: shaders.zip
[2026-07-07 17:22:23] Using cached package: ssl.zip
[2026-07-07 17:22:23] Using cached package: content-textures2.zip
[2026-07-07 17:22:25] Using cached package: content-textures3.zip
[2026-07-07 17:22:25] Using cached package: content-terrain.zip
[2026-07-07 17:22:25] Using cached package: content-platform-fonts.zip
[2026-07-07 17:22:25] Using cached package: content-platform-dictionaries.zip
[2026-07-07 17:22:25] Using cached package: extracontent-places.zip
[2026-07-07 17:22:25] Using cached package: extracontent-luapackages.zip
[2026-07-07 17:22:25] Using cached package: extracontent-translations.zip
[2026-07-07 17:22:25] Using cached package: extracontent-models.zip
[2026-07-07 17:22:25] Using cached package: extracontent-textures.zip
[2026-07-07 17:22:26] Using cached package: WebView2.zip
[2026-07-07 17:22:26] Using cached package: WebView2RuntimeInstaller.zip
[2026-07-07 17:22:26] Copying files into the active Roblox folder...
[2026-07-07 17:22:33] Removed existing target folder: version-fd4e9c9310794040
[2026-07-07 17:22:33] No old version folders needed cleanup.
[2026-07-07 17:22:34] Applied version-fd4e9c9310794040; shortcut updated.
[2026-07-07 17:30:27] Roblox processes detected. Closing them now...
[2026-07-07 17:30:27] Closed RobloxCrashHandler.exe.
[2026-07-07 17:30:27] Closed RobloxPlayerBeta.exe.
[2026-07-07 17:30:28] Roblox was closed automatically before updating.
[2026-07-07 17:30:28] Using newest local folder: version-90f2fddd3b244ff6
[2026-07-07 17:30:28] Fetching manifest: https://setup-aws.rbxcdn.com/version-90f2fddd3b244ff6-rbxPkgManifest.txt
[2026-07-07 17:30:28] Manifest loaded successfully: text/plain
[2026-07-07 17:30:28] Manifest contains 21 package(s).
[2026-07-07 17:30:28] Using cached package: RobloxApp.zip
[2026-07-07 17:30:29] Using cached package: content-avatar.zip
[2026-07-07 17:30:29] Using cached package: content-configs.zip
[2026-07-07 17:30:29] Using cached package: content-fonts.zip
[2026-07-07 17:30:30] Using cached package: content-models.zip
[2026-07-07 17:30:30] Using cached package: content-sky.zip
[2026-07-07 17:30:30] Using cached package: content-sounds.zip
[2026-07-07 17:30:30] Using cached package: shaders.zip
[2026-07-07 17:30:31] Using cached package: ssl.zip
[2026-07-07 17:30:31] Using cached package: content-textures2.zip
[2026-07-07 17:30:32] Using cached package: content-textures3.zip
[2026-07-07 17:30:32] Using cached package: content-terrain.zip
[2026-07-07 17:30:32] Using cached package: content-platform-fonts.zip
[2026-07-07 17:30:32] Using cached package: content-platform-dictionaries.zip
[2026-07-07 17:30:32] Using cached package: extracontent-places.zip
[2026-07-07 17:30:32] Using cached package: extracontent-luapackages.zip
[2026-07-07 17:30:33] Using cached package: extracontent-translations.zip
[2026-07-07 17:30:33] Using cached package: extracontent-models.zip
[2026-07-07 17:30:33] Using cached package: extracontent-textures.zip
[2026-07-07 17:30:33] Using cached package: WebView2.zip
[2026-07-07 17:30:33] Using cached package: WebView2RuntimeInstaller.zip
[2026-07-07 17:30:33] Copying files into the active Roblox folder...
[2026-07-07 17:30:44] Removed old version folder: version-fd4e9c9310794040
[2026-07-07 17:30:44] Applied version-90f2fddd3b244ff6; shortcut updated.
